// Jest Snapshot v1, https://goo.gl/fbAQLP

exports[`renders learn react link 1`] = `
<input
  placeholder="input value..."
  type="text"
/>
`;

exports[`test app renders learn react link 1`] = `
<input
  placeholder="input value..."
  type="text"
/>
`;
